arkap@DESKTOP-QEPEP91 MINGW64 ~/NodeProject
$ mkdir MVC-Firebase-git

arkap@DESKTOP-QEPEP91 MINGW64 ~/NodeProject
$ cd MVC-Firebase-git

arkap@DESKTOP-QEPEP91 MINGW64 ~/NodeProject/MVC-Firebase-git
$ git config --global user.name chandrapal123

arkap@DESKTOP-QEPEP91 MINGW64 ~/NodeProject/MVC-Firebase-git
$ git config --global user.email chandrapalkhan1998@gmail.com

arkap@DESKTOP-QEPEP91 MINGW64 ~/NodeProject/MVC-Firebase-git
$ git clone https://github.com/chandrapal123/TestRepo.git
Cloning into 'TestRepo'...
remote: Enumerating objects: 18, done.
remote: Counting objects: 100% (18/18), done.
remote: Compressing objects: 100% (12/12), done.
remote: Total 18 (delta 0), reused 0 (delta 0), pack-reused 0
Receiving objects: 100% (18/18), 38.72 KiB | 213.00 KiB/s, done.

arkap@DESKTOP-QEPEP91 MINGW64 ~/NodeProject/MVC-Firebase-git
$ cd TestRepo

arkap@DESKTOP-QEPEP91 MINGW64 ~/NodeProject/MVC-Firebase-git/TestRepo (main)
$ git remote add origin https://github.com/chandrapal123/TestRepo.git
fatal: remote origin already exists.

arkap@DESKTOP-QEPEP91 MINGW64 ~/NodeProject/MVC-Firebase-git/TestRepo (main)
$ git add .


arkap@DESKTOP-QEPEP91 MINGW64 ~/NodeProject/MVC-Firebase-git/TestRepo (main)
$ git commit -m "Git-command Text file added"
[main 16af4a2] Git-command Text file added
 1 file changed, 20 insertions(+)
 create mode 100644 git-commands.txt

arkap@DESKTOP-QEPEP91 MINGW64 ~/NodeProject/MVC-Firebase-git/TestRepo (main)
$ git push origin main
Enumerating objects: 4, done.
Counting objects: 100% (4/4), done.
Delta compression using up to 4 threads
Compressing objects: 100% (3/3), done.
Writing objects: 100% (3/3), 595 bytes | 198.00 KiB/s, done.
Total 3 (delta 1), reused 0 (delta 0), pack-reused 0
remote: Resolving deltas: 100% (1/1), completed with 1 local object.
To https://github.com/chandrapal123/TestRepo.git
   3596045..16af4a2  main -> main
arkap@DESKTOP-QEPEP91 MINGW64 ~/NodeProject/MVC-Firebase-git/TestRepo (chandrapal)
$ git merge origin chandrapal
Updating 9d1ad42..16af4a2
Fast-forward
 git-commands.txt | 20 ++++++++++++++++++++
 1 file changed, 20 insertions(+)
 create mode 100644 git-commands.txt

arkap@DESKTOP-QEPEP91 MINGW64 ~/NodeProject/MVC-Firebase-git/TestRepo (chandrapal)
$ git push origin chandrapal
Total 0 (delta 0), reused 0 (delta 0), pack-reused 0
To https://github.com/chandrapal123/TestRepo.git
   9d1ad42..16af4a2  chandrapal -> chandrapal
Q.3.
arkap@DESKTOP-QEPEP91 MINGW64 ~/NodeProject/MVC-Firebase-git/TestRepo (chandrapal)
$ git diff --name-status
M       git-commands.txt

Q.4.
arkap@DESKTOP-QEPEP91 MINGW64 ~/NodeProject/MVC-Firebase-git/TestRepo (chandrapal)
$ git rm -r --cached git-commands.txt
rm 'git-commands.txt'

arkap@DESKTOP-QEPEP91 MINGW64 ~/NodeProject/MVC-Firebase-git/TestRepo (chandrapal)
$ git commit -m "git-commands.txt  removed"
[chandrapal db7eef4] git-commands.txt  removed
 1 file changed, 20 deletions(-)
 delete mode 100644 git-commands.txt

arkap@DESKTOP-QEPEP91 MINGW64 ~/NodeProject/MVC-Firebase-git/TestRepo (chandrapal)
$ git push origin chandrapal
Enumerating objects: 3, done.
Counting objects: 100% (3/3), done.
Delta compression using up to 4 threads
Compressing objects: 100% (2/2), done.
Writing objects: 100% (2/2), 236 bytes | 236.00 KiB/s, done.
Total 2 (delta 1), reused 0 (delta 0), pack-reused 0
remote: Resolving deltas: 100% (1/1), completed with 1 local object.
To https://github.com/chandrapal123/TestRepo.git
   16af4a2..db7eef4  chandrapal -> chandrapal
Q.5.
arkap@DESKTOP-QEPEP91 MINGW64 ~/NodeProject/MVC-Firebase-git/TestRepo (chandrapal)
$ git commit -m "junc file added accidentally"
[chandrapal 4c02b01] junc file added accidentally
 2 files changed, 25 insertions(+)
 create mode 100644 ADDED.txt

arkap@DESKTOP-QEPEP91 MINGW64 ~/NodeProject/MVC-Firebase-git/TestRepo (chandrapal)
$ git commit -m "junc file added accidentally"
[chandrapal 4c02b01] junc file added accidentally
 2 files changed, 25 insertions(+)
 create mode 100644 ADDED.txt

arkap@DESKTOP-QEPEP91 MINGW64 ~/NodeProject/MVC-Firebase-git/TestRepo (chandrapal)
$ git reset --hard
HEAD is now at 4c02b01 junc file added accidentally

arkap@DESKTOP-QEPEP91 MINGW64 ~/NodeProject/MVC-Firebase-git/TestRepo (chandrapal)
$ git revert 4c02b01
Removing ADDED.txt
hint: Waiting for your editor to close the file...
[chandrapal fbc1b3e] Revert "junc file added accidentally"
 2 files changed, 25 deletions(-)
 delete mode 100644 ADDED.txt

Q.6
$ git checkout -b chandrapal1
Switched to a new branch 'chandrapal1'

$ git push origin chandrapal1
Total 0 (delta 0), reused 0 (delta 0), pack-reused 0
remote:
remote: Create a pull request for 'chandrapal1' on GitHub by visiting:
remote:      https://github.com/chandrapal123/TestRepo/pull/new/chandrapal1
remote:
To https://github.com/chandrapal123/TestRepo.git
 * [new branch]      chandrapal1 -> chandrapal1

arkap@DESKTOP-QEPEP91 MINGW64 ~/NodeProject/MVC-Firebase-git/TestRepo (chandrapal1)
$ git checkout main
Switched to branch 'main'
Your branch is up to date with 'origin/main'.

arkap@DESKTOP-QEPEP91 MINGW64 ~/NodeProject/MVC-Firebase-git/TestRepo (main)
$ git merge chandrapal chandrapal1
Updating 16af4a2..ee1d0b9
Fast-forward
 git-commands.txt | 49 ++++++++++++++++++++++++++++++++++++++++++++++++-
 1 file changed, 48 insertions(+), 1 deletion(-)

arkap@DESKTOP-QEPEP91 MINGW64 ~/NodeProject/MVC-Firebase-git/TestRepo (main)
$ git commit -m "updated git-comand.txt file"
[main ebb7cb5] updated git-comand.txt file
 1 file changed, 71 insertions(+)

arkap@DESKTOP-QEPEP91 MINGW64 ~/NodeProject/MVC-Firebase-git/TestRepo (main)
$ git push origin main
Enumerating objects: 5, done.
Counting objects: 100% (5/5), done.
Delta compression using up to 4 threads
Compressing objects: 100% (3/3), done.
Writing objects: 100% (3/3), 1.40 KiB | 119.00 KiB/s, done.
Total 3 (delta 1), reused 0 (delta 0), pack-reused 0
remote: Resolving deltas: 100% (1/1), completed with 1 local object.
To https://github.com/chandrapal123/TestRepo.git
   16af4a2..ebb7cb5  main -> main

